API Key loaded: Yes (AIzaS...)
Attempts to list models...
Available models (via fetch):
 - models/gemini-2.5-flash
 - models/gemini-2.5-pro
 - models/gemini-2.0-flash
 - models/gemini-2.0-flash-001
 - models/gemini-2.0-flash-exp-image-generation
 - models/gemini-2.0-flash-lite-001
 - models/gemini-2.0-flash-lite
 - models/gemini-exp-1206
 - models/gemini-2.5-flash-preview-tts
 - models/gemini-2.5-pro-preview-tts
 - models/gemma-3-1b-it
 - models/gemma-3-4b-it
 - models/gemma-3-12b-it
 - models/gemma-3-27b-it
 - models/gemma-3n-e4b-it
 - models/gemma-3n-e2b-it
 - models/gemini-flash-latest
 - models/gemini-flash-lite-latest
 - models/gemini-pro-latest
 - models/gemini-2.5-flash-lite
 - models/gemini-2.5-flash-image
 - models/gemini-2.5-flash-preview-09-2025
 - models/gemini-2.5-flash-lite-preview-09-2025
 - models/gemini-3-pro-preview
 - models/gemini-3-flash-preview
 - models/gemini-3-pro-image-preview
 - models/nano-banana-pro-preview
 - models/gemini-robotics-er-1.5-preview
 - models/gemini-2.5-computer-use-preview-10-2025
 - models/deep-research-pro-preview-12-2025
 - models/embedding-001
 - models/text-embedding-004
 - models/gemini-embedding-001
 - models/aqa
 - models/imagen-4.0-generate-preview-06-06
 - models/imagen-4.0-ultra-generate-preview-06-06
 - models/imagen-4.0-generate-001
 - models/imagen-4.0-ultra-generate-001
 - models/imagen-4.0-fast-generate-001
 - models/veo-2.0-generate-001
 - models/veo-3.0-generate-001
 - models/veo-3.0-fast-generate-001
 - models/veo-3.1-generate-preview
 - models/veo-3.1-fast-generate-preview
 - models/gemini-2.5-flash-native-audio-latest
 - models/gemini-2.5-flash-native-audio-preview-09-2025
 - models/gemini-2.5-flash-native-audio-preview-12-2025
Testing model: gemini-3-flash-preview...
SUCCESS: gemini-3-flash-preview
Response KEYS: sdkHttpResponse,candidates,modelVersion,responseId,usageMetadata
Response JSON: {
  "sdkHttpResponse": {
    "headers": {
      "alt-svc": "h3=\":443\"; ma=2592000,h3-29=\":443\"; ma=2592000",
      "content-encoding": "gzip",
      "content-type": "application/json; charset=UTF-8",
      "date": "Fri, 30 Jan 2026 00:49:08 GMT",
      "server": "scaffolding on HTTPServer2",
      "server-timing": "gfet4t7; dur=1851",
      "transfer-encoding": "chunked",
      "vary": "Origin, X-Origin, Referer",
      "x-content-type-options": "nosniff",
      "x-frame-options": "SAMEORIGIN",
      "x-xss-protection": "0"
    }
  },
  "candidates": [
    {
      "content": {
        "parts": [
          {
            "text": "Hello! How can I help you today?",
            "thoughtSignature": "ErQDCrEDAXLI2nxZKrXRZti7RtixoSsAgVldaa6DYm417mIgjUu54/1JoqyojxQd5mh9EFlex8sdx1oMXg5TN6LQECK8PuKIOB16bbK+2DQ3mJbRMR00uihYLC3OrfTHvpt895Ki/6qWqg7AYqsPzWFL9fJIY8L04nN0Z1di5VOmNW+CBbCQ87X0teStqfDwhcWpb57jv+CN3/4lUHdddgoTz6K0UkPatN4zG7NQ15vwdQ9/n4yKAjTOa3vQtj93X0xpUTlAQNDQeAt3s7fkLYOWZUunpRGPRlt15MB6ZVNS/v2zo7y8FNwf71kDUMIlUkwJYPcn6F+M7UtCdfd5sI2qRB78yBwIllFd5eaI7lrHCjleF6wNshAxOb3l2wI2yT7ja9Etn/YpQI/UyxkpqLhgUFpx4gEaAf4MuyIccRWU6Fc+qfYo53k81f+ugZvO6olm58AeOZ8EKcK+cqCOR0a4mLOj6TX/C6wMSSTfksFDjIMPcFYjxz3xhUjcb4AJpROg0Z3Ccu4O/bUjuZijQB8P10kOKY+IfFRp85vbBE8F3znTKlInJDGZIoqNBrBeuUnLsrmWDg=="
          }
        ],
        "role": "model"
      },
      "finishReason": "STOP",
      "index": 0
    }
  ],
  "modelVersion": "gemini-3-flash-preview",
  "responseId": "BAB8adewBsScjuMPsoHrgQ4",
  "usageMetadata": {
    "promptTokenCount": 3,
    "candidatesTokenCount": 9,
    "totalTokenCount": 121,
    "promptTokensDetails": [
      {
        "modality": "TEXT",
        "tokenCount": 3
      }
    ],
    "thoughtsTokenCount": 109
  }
}
------------------------------------------------
